// Jest Snapshot v1, https://goo.gl/fbAQLP

exports[`Component should render Categories 1`] = `<Memo(Connect(Categories)) />`;
