// Jest Snapshot v1, https://goo.gl/fbAQLP

exports[`Component same content with the snapshot 1`] = `
<h1>
  404 Not Found
</h1>
`;
